[1/2] Building CXX object CMakeFiles/underguild_offense.dir/src/UI/MercenaryCountPanel.cpp.obj
FAILED: [code=1] CMakeFiles/underguild_offense.dir/src/UI/MercenaryCountPanel.cpp.obj 
C:\msys64\ucrt64\bin\g++.exe -DGLEW_STATIC -DRESOURCE_DIR=\"D:/program/PTSD-Template/Resources\" -DSPDLOG_COMPILED_LIB -ID:/program/PTSD-Template/PTSD/include -ID:/program/PTSD-Template/include -ID:/program/PTSD-Template/build/_deps/json-src/include -ID:/program/PTSD-Template/build/_deps/sdl2-build/include -ID:/program/PTSD-Template/build/_deps/sdl2-build/include-config-debug -ID:/program/PTSD-Template/PTSD/lib/sdl2_image -ID:/program/PTSD-Template/PTSD/lib/sdl2_ttf -ID:/program/PTSD-Template/PTSD/lib/sdl2_mixer/include -isystem D:/program/PTSD-Template/PTSD/lib/sdl2/include -isystem D:/program/PTSD-Template/PTSD/lib/glew/include -isystem D:/program/PTSD-Template/PTSD/lib/spdlog/include -isystem D:/program/PTSD-Template/PTSD/lib/glm -isystem D:/program/PTSD-Template/PTSD/lib/imgui -isystem D:/program/PTSD-Template/PTSD/lib/imgui/backends -g -std=gnu++17 -Wall -Wextra -pedantic -MD -MT CMakeFiles/underguild_offense.dir/src/UI/MercenaryCountPanel.cpp.obj -MF CMakeFiles\underguild_offense.dir\src\UI\MercenaryCountPanel.cpp.obj.d -o CMakeFiles/underguild_offense.dir/src/UI/MercenaryCountPanel.cpp.obj -c D:/program/PTSD-Template/src/UI/MercenaryCountPanel.cpp
ninja: build stopped: subcommand failed.
